
filter to just the values >= -1
input : 
output: 

filter to just the values >= 10
input : 5
output: 

filter to just the values >= 0
input : 5
output: 5

filter to just the values >= 5
input : 5
output: 5

filter to just the values >= 6
input : 5
output: 

filter to just the values >= 0
input : 2, 13, 16, 24, 5, 7, 11, 10, 6, 13
output: 2, 13, 16, 24, 5, 7, 11, 10, 6, 13

filter to just the values >= 2
input : 2, 13, 16, 24, 5, 7, 11, 10, 6, 13
output: 2, 13, 16, 24, 5, 7, 11, 10, 6, 13

filter to just the values >= 3
input : 2, 13, 16, 24, 5, 7, 11, 10, 6, 13
output: 13, 16, 24, 5, 7, 11, 10, 6, 13

filter to just the values >= 10
input : 2, 13, 16, 24, 5, 7, 11, 10, 6, 13
output: 13, 16, 24, 11, 10, 13

filter to just the values >= 13
input : 2, 13, 16, 24, 5, 7, 11, 10, 6, 13
output: 13, 16, 24, 13

filter to just the values >= 14
input : 2, 13, 16, 24, 5, 7, 11, 10, 6, 13
output: 16, 24
